-Instalación:

sudo apt update
sudo apt install apache2

-Añadir puertos que vamos a usar en /etc/apache2/ports.conf

Listen 80

-Para poder hacer las pruebas debemos modificar en /etc/hosts

127.0.0.1 localhost www.prueba.es prueba.es

-Creamos un file en /etc/apache2/sites-available/80puerto.conf

<VirtualHost *:80>
        ServerName www.prueba.es
        ServerAlias www.prueba.es prueba.es
        DocumentRoot "/var/www/html"

        <Directory "/var/www/html">
                DirectoryIndex prueba.html
                Require all granted
                AllowOverride All
        </Directory>
</VirtualHost>

-Creamos el file vim /var/www/html/prueba.html

<h1> Prueba HTML </h1>

-Ejecutamos los siguientes comandos:

systemctl restart apache2
sudo a2ensite 80puerto.conf
systemctl restart apache2

-Comprobamos que funciona:

root@server:~# curl http://prueba.es
<h1> Prueba HTML </h1>

root@server:~# curl http://www.prueba.es
<h1> Prueba HTML </h1>

--- SI HAY PROBLEMAS EJECUTAR

sudo chown -R www-data:www-data /var/www/html
sudo chmod -R 755 /var/www/html

--- Servidores basados en IP

sudo mkdir -p /var/www/sitio1
sudo mkdir -p /var/www/sitio2

echo "<h1>Hola desde Sitio 1</h1>" | sudo tee /var/www/sitio1/index.html
echo "<h1>Hola desde Sitio 2</h1>" | sudo tee /var/www/sitio2/index.html

-Dentro de /etc/apache2/sites-availabe/sitio1.conf

<VirtualHost 192.168.1.100:80>
    ServerAdmin webmaster@sitio1.com
    DocumentRoot /var/www/sitio1
    ErrorLog ${APACHE_LOG_DIR}/sitio1_error.log
    CustomLog ${APACHE_LOG_DIR}/sitio1_access.log combined
</VirtualHost>

-Dentro de /etc/apache2/sites-available/sitio2.conf

<VirtualHost 192.168.1.101:80>
    ServerAdmin webmaster@sitio2.com
    DocumentRoot /var/www/sitio2
    ErrorLog ${APACHE_LOG_DIR}/sitio2_error.log
    CustomLog ${APACHE_LOG_DIR}/sitio2_access.log combined
</VirtualHost>

-Habilitar los sitios y reiniciar Apache:

sudo a2ensite sitio1.conf
sudo a2ensite sitio2.conf
sudo systemctl reload apache2

-Modificar /etc/netplan/00-installer-config.yaml

network:
  version: 2
  ethernets:
    eth0:
      addresses:
        - 192.168.40.154/24
        - 192.168.1.100/24
        - 192.168.1.101/24
      nameservers:
        addresses: [8.8.8.8, 1.1.1.1]
      routes:
        - to: default
          via: 192.168.40.1

y ejecutar:

sudo netplan apply

Comprobaciones:

root@server:~# curl http://192.168.1.100
<h1>Hola desde Sitio 1</h1>
root@server:~# curl http://192.168.1.101
<h1>Hola desde Sitio 2</h1>

Asi debería verse eth0:

root@server:~# ip a
1: lo: <LOOPBACK,UP,LOWER_UP> mtu 65536 qdisc noqueue state UNKNOWN group default qlen 1000
    link/loopback 00:00:00:00:00:00 brd 00:00:00:00:00:00
    inet 127.0.0.1/8 scope host lo
       valid_lft forever preferred_lft forever
    inet6 ::1/128 scope host noprefixroute
       valid_lft forever preferred_lft forever
2: eth0: <BROADCAST,MULTICAST,UP,LOWER_UP> mtu 1500 qdisc fq_codel state UP group default qlen 1000
    link/ether 00:0c:29:29:0e:ec brd ff:ff:ff:ff:ff:ff
    altname enp2s1
    altname ens33
    inet 192.168.40.154/24 brd 192.168.40.255 scope global eth0
       valid_lft forever preferred_lft forever
    inet 192.168.1.100/24 brd 192.168.1.255 scope global eth0
       valid_lft forever preferred_lft forever
    inet 192.168.1.101/24 brd 192.168.1.255 scope global secondary eth0
       valid_lft forever preferred_lft forever
    inet6 fe80::20c:29ff:fe29:eec/64 scope link
       valid_lft forever preferred_lft forever


--- Acceso restringido por contraseña

-Creamos un directorio especial para privado:

sudo mkdir -p /var/www/html/privado

-Creamos el file /var/www/html/privado/index.html

"<h1>Bienvenido al área privada</h1>"

-Creamos al usuario y establecemos la contraseña con:

sudo htpasswd -c /etc/apache2/.htpasswd user

cat /etc/apache2/.htpasswd # para comprobar los usuarios

-Creamos el file /etc/apache2/sites-available/privado.conf

<VirtualHost *:80>
        ServerName www.privado.es
        ServerAlias www.privado.es privado.es
        DocumentRoot "/var/www/html"

        <Directory "/var/www/html/privado">
                DirectoryIndex index.html
                Require valid-user
                AuthName "Área Restringida"
                AuthType Basic
                AuthUserFile /etc/apache2/.htpasswd
        </Directory>
</VirtualHost>

-Ejecutamos los siguientes comando:

sudo a2ensite privado.conf
sudo a2enmod auth_basic
sudo systemctl restart apache2

-Dentro de /etc/hosts:

127.0.0.1 localhost www.privado.es privado.es

-Verificación:

root@server:~# curl -u user:contrasenna http://localhost/privado/
"<h1>Bienvenido al área privada</h1>"